  {
    // A1 · сид 3 · обеды безопасны 1.00 · starTop 1.00 · avgGap 0.00 · решений 2
    name: "Первый укус", lesson: "Тапни змею — она съест хвост, на который смотрит.",
    w: 5, h: 4, ceiling: 6,
    snakes: [
      { cells: [[0,2],[0,3]] },
      { cells: [[2,0],[2,1]] },
      { cells: [[1,1],[0,1]] },
    ],
  },
  {
    // A2 · сид 34 · обеды безопасны 1.00 · starTop 1.00 · avgGap 0.51 · решений 2
    name: "Трое в ряд", lesson: "Съев, змея смотрит туда же, куда смотрела съеденная.",
    w: 5, h: 4, ceiling: 6,
    snakes: [
      { cells: [[4,2],[4,3]] },
      { cells: [[3,0],[4,0]] },
      { cells: [[2,1],[2,0]] },
    ],
  },
  {
    // A3 · сид 66 · обеды безопасны 1.00 · starTop 1.00 · avgGap 0.51 · решений 2
    name: "Столовая", lesson: "Пустые клетки между головой и хвостом съедаются вместе с жертвой.",
    w: 5, h: 4, ceiling: 6,
    snakes: [
      { cells: [[2,3],[1,3]] },
      { cells: [[4,2],[4,3]] },
      { cells: [[4,0],[4,1]] },
    ],
  },
  {
    // A4 · сид 94 · обеды безопасны 1.00 · starTop 1.00 · avgGap 0.51 · решений 2
    name: "Как угодно", lesson: "Здесь любой порядок обедов доводит до конца. Ешь как хочешь.",
    w: 5, h: 4, ceiling: 6,
    snakes: [
      { cells: [[2,0],[3,0]] },
      { cells: [[0,1],[0,0]] },
      { cells: [[1,2],[0,2]] },
    ],
  },
  {
    // A5 · сид 170 · обеды безопасны 1.00 · starTop 1.00 · avgGap 0.51 · решений 2
    name: "Глаза и шея", lesson: "Направление взгляда — голова минус шея. Ищи, куда смотрят глаза.",
    w: 5, h: 4, ceiling: 6,
    snakes: [
      { cells: [[4,2],[4,3]] },
      { cells: [[3,0],[4,0]] },
      { cells: [[1,0],[2,0]] },
    ],
  },
  {
    // B1 · сид 199 · обеды безопасны 0.82 · starTop 0.68 · avgGap 0.47 · решений 2
    name: "Очередь из двух", lesson: "Не всякий порядок доводит до конца: если никто ни на чей хвост не смотрит — доска встала.",
    w: 6, h: 5, ceiling: 9,
    snakes: [
      { cells: [[4,4],[3,4]] },
      { cells: [[1,1],[2,1]] },
      { cells: [[5,3],[5,4]] },
      { cells: [[4,1],[5,1],[5,2]] },
    ],
  },
  {
    // B2 · сид 16 · обеды безопасны 0.78 · starTop 0.52 · avgGap 0.81 · решений 2
    name: "Кто кого потом", lesson: "Прежде чем тапнуть, найди, кто съест едока потом.",
    w: 6, h: 5, ceiling: 9,
    snakes: [
      { cells: [[4,0],[3,0]] },
      { cells: [[3,4],[4,4],[5,4]] },
      { cells: [[1,4],[2,4]] },
      { cells: [[5,1],[5,0]] },
    ],
  },
  {
    // B3 · сид 106 · обеды безопасны 0.78 · starTop 0.52 · avgGap 0.81 · решений 2
    name: "Дальний хвост", lesson: "Чем дальше хвост жертвы, тем длиннее станет змея: зазор всасывается.",
    w: 6, h: 5, ceiling: 9,
    snakes: [
      { cells: [[3,0],[2,0]] },
      { cells: [[4,4],[5,4]] },
      { cells: [[5,1],[5,0],[4,0]] },
      { cells: [[2,4],[3,4]] },
    ],
  },
  {
    // B4 · сид 247 · обеды безопасны 0.78 · starTop 0.52 · avgGap 0.81 · решений 2
    name: "Не в край", lesson: "Змея, глядящая за край, от тапа улетит — вместе со своей длиной.",
    w: 6, h: 5, ceiling: 9,
    snakes: [
      { cells: [[3,0],[2,0]] },
      { cells: [[5,3],[5,4],[4,4]] },
      { cells: [[5,1],[5,2]] },
      { cells: [[4,1],[4,0]] },
    ],
  },
  {
    // B5 · сид 229 · обеды безопасны 0.78 · starTop 0.48 · avgGap 0.84 · решений 2
    name: "Два хода вперёд", lesson: "План на два хода вперёд уже спасает.",
    w: 6, h: 5, ceiling: 9,
    snakes: [
      { cells: [[2,0],[1,0],[1,1]] },
      { cells: [[4,4],[5,4]] },
      { cells: [[5,1],[5,0]] },
      { cells: [[4,0],[3,0]] },
    ],
  },
  {
    // C1 · сид 27 · обеды безопасны 0.86 · starTop 0.64 · avgGap 0.73 · решений 3
    name: "Пустая середина", lesson: "Пустота — не пусто: после обеда тело ляжет там, где ничего не было.",
    w: 7, h: 6, ceiling: 12,
    snakes: [
      { cells: [[0,1],[0,2],[1,2]] },
      { cells: [[6,1],[6,0],[5,0]] },
      { cells: [[6,4],[6,3]] },
      { cells: [[3,0],[2,0]] },
      { cells: [[1,0],[0,0]] },
    ],
  },
  {
    // C2 · сид 183 · обеды безопасны 0.83 · starTop 0.50 · avgGap 0.91 · решений 3
    name: "Развилка", lesson: "Считай форму змеи ПОСЛЕ обеда: её новый хвост — чья-то еда.",
    w: 7, h: 6, ceiling: 12,
    snakes: [
      { cells: [[4,3],[4,4],[4,5],[5,5]] },
      { cells: [[0,1],[0,0]] },
      { cells: [[3,0],[4,0]] },
      { cells: [[0,5],[0,4]] },
      { cells: [[0,3],[0,2]] },
    ],
  },
  {
    // C3 · сид 187 · обеды безопасны 0.74 · starTop 0.36 · avgGap 0.65 · решений 2
    name: "Хвост из ниоткуда", lesson: "Хвост едока не двигается — растёт голова. Проверь, кто до него достаёт.",
    w: 7, h: 6, ceiling: 12,
    snakes: [
      { cells: [[2,0],[3,0]] },
      { cells: [[1,4],[1,3]] },
      { cells: [[0,0],[0,1]] },
      { cells: [[1,2],[1,1],[1,0]] },
      { cells: [[0,4],[0,5],[1,5]] },
    ],
  },
  {
    // C4 · сид 106 · обеды безопасны 0.71 · starTop 0.30 · avgGap 0.84 · решений 2
    name: "Тесный порядок", lesson: "Из двух возможных обедов один запирает доску. Найди какой.",
    w: 7, h: 6, ceiling: 12,
    snakes: [
      { cells: [[3,2],[3,3]] },
      { cells: [[5,5],[6,5],[6,4]] },
      { cells: [[5,0],[4,0],[3,0]] },
      { cells: [[3,5],[4,5]] },
      { cells: [[6,1],[6,0]] },
    ],
  },
  {
    // C5 · сид 181 · обеды безопасны 0.62 · starTop 0.26 · avgGap 1.08 · решений 1
    name: "Сквозняк без окон", lesson: "Длинный луч через пустоту — это и подсказка, и ловушка.",
    w: 7, h: 6, ceiling: 12,
    snakes: [
      { cells: [[5,0],[4,0]] },
      { cells: [[5,4],[4,4]] },
      { cells: [[0,5],[1,5]] },
      { cells: [[6,1],[6,0]] },
      { cells: [[4,5],[5,5],[6,5],[6,4]] },
    ],
  },
  {
    // D1 · сид 65 · обеды безопасны 0.79 · starTop 0.34 · avgGap 0.67 · решений 3
    name: "Широкое поле", lesson: "Поле шире — линий больше, а верных по-прежнему мало.",
    w: 8, h: 8, ceiling: 16,
    snakes: [
      { cells: [[4,2],[4,3],[5,3],[5,2],[6,2]] },
      { cells: [[1,0],[2,0]] },
      { cells: [[1,4],[0,4]] },
      { cells: [[3,0],[4,0]] },
      { cells: [[0,1],[0,0]] },
      { cells: [[3,3],[3,4],[2,4]] },
    ],
  },
  {
    // D2 · сид 50 · обеды безопасны 0.73 · starTop 0.28 · avgGap 0.80 · решений 3
    name: "Длинная нитка", lesson: "Начинай с конца: кто останется последним и откуда он всех соберёт?",
    w: 8, h: 8, ceiling: 16,
    snakes: [
      { cells: [[1,6],[2,6]] },
      { cells: [[0,1],[0,2]] },
      { cells: [[2,5],[1,5],[1,4],[1,3]] },
      { cells: [[5,5],[4,5]] },
      { cells: [[0,4],[0,5],[0,6]] },
      { cells: [[1,1],[1,0],[0,0]] },
    ],
  },
  {
    // D3 · сид 13 · обеды безопасны 0.73 · starTop 0.10 · avgGap 1.00 · решений 8
    name: "Обманчивая лёгкость", lesson: "Лёгкий первый ход — ещё не правильный первый ход.",
    w: 8, h: 8, ceiling: 16,
    snakes: [
      { cells: [[7,1],[7,2],[7,3]] },
      { cells: [[2,1],[3,1]] },
      { cells: [[5,3],[4,3]] },
      { cells: [[1,3],[0,3]] },
      { cells: [[5,0],[6,0],[7,0]] },
      { cells: [[0,1],[0,0],[1,0],[1,1]] },
    ],
  },
  {
    // D4 · сид 41 · обеды безопасны 0.60 · starTop 0.12 · avgGap 1.39 · решений 2
    name: "Перекрёсток взглядов", lesson: "Когда взгляды скрещиваются, порядок решает всё.",
    w: 8, h: 8, ceiling: 16,
    snakes: [
      { cells: [[2,3],[1,3]] },
      { cells: [[0,7],[1,7],[2,7]] },
      { cells: [[6,6],[5,6],[5,5]] },
      { cells: [[4,2],[4,3]] },
      { cells: [[6,7],[7,7],[7,6]] },
      { cells: [[5,2],[5,1],[4,1]] },
    ],
  },
  {
    // D5 · сид 64 · обеды безопасны 0.41 · starTop 0.00 · avgGap 1.13 · решений 1
    name: "Узкое горло", lesson: "Один обед открывает дорогу, другой её хоронит.",
    w: 8, h: 8, ceiling: 16,
    snakes: [
      { cells: [[6,4],[6,3],[5,3]] },
      { cells: [[7,7],[6,7]] },
      { cells: [[2,7],[1,7]] },
      { cells: [[2,5],[2,6]] },
      { cells: [[4,6],[5,6],[5,5],[6,5]] },
      { cells: [[1,5],[1,4],[2,4]] },
    ],
  },
  {
    // E1 · сид 101 · обеды безопасны 0.70 · starTop 0.18 · avgGap 1.13 · решений 2
    name: "Простор", lesson: "Больше змей — длиннее цепочка причин. Веди её с конца.",
    w: 9, h: 10, ceiling: 22,
    snakes: [
      { cells: [[2,4],[2,5],[2,6],[1,6],[1,7]] },
      { cells: [[1,2],[1,3]] },
      { cells: [[5,6],[4,6]] },
      { cells: [[7,6],[6,6],[6,5]] },
      { cells: [[3,0],[2,0],[1,0]] },
      { cells: [[8,2],[8,3]] },
      { cells: [[4,2],[4,1],[4,0]] },
      { cells: [[8,5],[8,6]] },
    ],
  },
  {
    // E2 · сид 53 · обеды безопасны 0.67 · starTop 0.10 · avgGap 1.16 · решений 3
    name: "Дальнобой", lesson: "Дальний хвост виден плохо. Проведи луч пальцем, если сомневаешься.",
    w: 9, h: 10, ceiling: 22,
    snakes: [
      { cells: [[0,3],[0,4]] },
      { cells: [[8,4],[8,3]] },
      { cells: [[7,0],[6,0]] },
      { cells: [[2,2],[3,2],[4,2]] },
      { cells: [[5,2],[6,2],[7,2]] },
      { cells: [[2,0],[1,0],[1,1],[0,1]] },
      { cells: [[7,5],[7,6],[8,6],[8,5]] },
      { cells: [[8,1],[8,0]] },
    ],
  },
  {
    // E3 · сид 58 · обеды безопасны 0.64 · starTop 0.08 · avgGap 1.40 · решений 2
    name: "Клубок на девятерых", lesson: "Девять змей — восемь обедов, и лишнего среди них нет.",
    w: 9, h: 10, ceiling: 22,
    snakes: [
      { cells: [[3,1],[2,1]] },
      { cells: [[1,5],[2,5],[3,5],[3,4]] },
      { cells: [[6,9],[5,9]] },
      { cells: [[3,0],[4,0],[4,1],[5,1]] },
      { cells: [[1,9],[0,9]] },
      { cells: [[0,2],[0,1],[0,0],[1,0]] },
      { cells: [[0,6],[0,5]] },
      { cells: [[7,8],[7,9]] },
    ],
  },
  {
    // E4 · сид 64 · обеды безопасны 0.57 · starTop 0.04 · avgGap 1.10 · решений 2
    name: "Тихий тупик", lesson: "Тупик тихий: доска встаёт без аварии. Заметь его заранее.",
    w: 9, h: 10, ceiling: 22,
    snakes: [
      { cells: [[6,2],[6,1],[7,1]] },
      { cells: [[5,7],[4,7]] },
      { cells: [[7,9],[6,9]] },
      { cells: [[5,8],[6,8],[6,7],[6,6],[7,6]] },
      { cells: [[2,7],[2,8],[3,8]] },
      { cells: [[2,9],[1,9]] },
      { cells: [[1,7],[1,6],[2,6]] },
      { cells: [[6,4],[6,3]] },
    ],
  },
  {
    // E5 · сид 87 · обеды безопасны 0.49 · starTop 0.00 · avgGap 1.17 · решений 1
    name: "Восьмёрка", lesson: "Порядок здесь почти единственный. Ошибся — отматывай.",
    w: 9, h: 10, ceiling: 22,
    snakes: [
      { cells: [[4,2],[3,2],[3,1]] },
      { cells: [[7,9],[6,9],[5,9]] },
      { cells: [[5,5],[5,4]] },
      { cells: [[0,3],[0,2]] },
      { cells: [[2,2],[2,3],[1,3]] },
      { cells: [[0,1],[0,0],[1,0],[2,0]] },
      { cells: [[4,3],[5,3],[5,2]] },
      { cells: [[1,4],[0,4]] },
    ],
  },
  {
    // F1 · сид 149 · обеды безопасны 0.60 · starTop 0.02 · avgGap 1.12 · решений 3
    name: "Большая вода", lesson: "Большое поле прощает меньше, чем маленькое: пустоты длиннее.",
    w: 10, h: 12, ceiling: 30,
    snakes: [
      { cells: [[1,8],[1,7]] },
      { cells: [[6,6],[5,6],[5,7],[6,7]] },
      { cells: [[4,10],[5,10],[5,11],[6,11]] },
      { cells: [[2,6],[1,6],[0,6]] },
      { cells: [[7,2],[8,2],[9,2]] },
      { cells: [[3,9],[3,8],[2,8],[2,9],[1,9]] },
      { cells: [[9,5],[9,6]] },
      { cells: [[0,10],[0,11]] },
      { cells: [[2,11],[3,11],[3,10]] },
      { cells: [[5,2],[6,2]] },
    ],
  },
  {
    // F2 · сид 245 · обеды безопасны 0.59 · starTop 0.00 · avgGap 1.33 · решений 2
    name: "Одна линия", lesson: "Верная линия одна-две на сотни возможных. Не спеши.",
    w: 10, h: 12, ceiling: 30,
    snakes: [
      { cells: [[6,5],[5,5],[5,4],[6,4]] },
      { cells: [[7,0],[6,0]] },
      { cells: [[0,2],[0,3],[1,3]] },
      { cells: [[3,6],[4,6]] },
      { cells: [[3,2],[3,1]] },
      { cells: [[7,2],[7,3],[8,3],[8,4],[7,4],[7,5]] },
      { cells: [[0,4],[0,5],[0,6],[1,6]] },
      { cells: [[1,0],[0,0]] },
      { cells: [[8,2],[8,1],[8,0]] },
      { cells: [[6,1],[7,1]] },
    ],
  },
  {
    // F3 · сид 160 · обеды безопасны 0.53 · starTop 0.02 · avgGap 1.24 · решений 1
    name: "Почти правильно", lesson: "Почти правильный порядок рушится на предпоследнем ходу.",
    w: 10, h: 12, ceiling: 30,
    snakes: [
      { cells: [[2,9],[2,10]] },
      { cells: [[2,5],[2,4]] },
      { cells: [[1,9],[1,10],[0,10],[0,9]] },
      { cells: [[8,10],[8,11],[7,11]] },
      { cells: [[2,11],[1,11],[0,11]] },
      { cells: [[6,6],[7,6],[8,6]] },
      { cells: [[4,11],[3,11]] },
      { cells: [[8,7],[8,8]] },
      { cells: [[0,7],[0,6],[1,6],[2,6]] },
      { cells: [[3,8],[3,7],[2,7],[2,8],[1,8]] },
    ],
  },
  {
    // F4 · сид 302 · обеды безопасны 0.52 · starTop 0.00 · avgGap 1.24 · решений 1
    name: "Паутина", lesson: "Сначала карта: кто на кого смотрит и кто до кого достаёт.",
    w: 10, h: 12, ceiling: 30,
    snakes: [
      { cells: [[3,6],[3,7]] },
      { cells: [[1,10],[1,9],[0,9]] },
      { cells: [[2,6],[2,7],[1,7]] },
      { cells: [[3,1],[4,1]] },
      { cells: [[9,3],[9,4]] },
      { cells: [[5,4],[4,4],[4,5]] },
      { cells: [[0,4],[0,3],[0,2],[0,1],[1,1]] },
      { cells: [[7,1],[8,1],[8,0],[9,0],[9,1]] },
      { cells: [[3,5],[2,5]] },
      { cells: [[7,3],[6,3],[6,4]] },
    ],
  },
  {
    // F5 · сид 52 · обеды безопасны 0.43 · starTop 0.00 · avgGap 1.34 · решений 3
    name: "Последний экзамен", lesson: "Всё, чему учила «Азбука», — на одной доске. Удачи.",
    w: 10, h: 12, ceiling: 30,
    snakes: [
      { cells: [[2,10],[1,10],[1,9],[2,9]] },
      { cells: [[7,8],[8,8],[9,8]] },
      { cells: [[2,8],[3,8],[3,7],[4,7],[5,7],[5,8]] },
      { cells: [[8,2],[7,2]] },
      { cells: [[3,2],[2,2]] },
      { cells: [[2,6],[2,7]] },
      { cells: [[1,7],[0,7],[0,8]] },
      { cells: [[0,9],[0,10],[0,11]] },
      { cells: [[9,3],[9,2]] },
      { cells: [[2,11],[3,11],[3,10]] },
    ],
  },
