  {
    // G1 · сид 8 · ловушек 3 · безопасность обедов 1.00 0.82 0.82 1.00 0.90 1.00 · плотность 48% 44% 48% 48% 44% 48% · финал 70
    name: "Полный дом", lesson: "Комнаты набиты под завязку. Дорога одна — вдоль цепочки.",
    w: 10, h: 15,
    sections: [
      { x: 0, y: 0, w: 5, h: 5, snakes: [
        { cells: [[4,2],[3,2],[3,1]] },
        { cells: [[2,1],[1,1],[0,1],[0,0],[1,0]] },
        { cells: [[2,0],[3,0],[4,0],[4,1]] },
      ] },
      { x: 5, y: 0, w: 5, h: 5, snakes: [
        { cells: [[8,4],[8,3],[9,3]] },
        { cells: [[9,1],[9,0],[8,0]] },
        { cells: [[7,0],[6,0],[5,0],[5,1],[5,2]] },
      ] },
      { x: 5, y: 5, w: 5, h: 5, snakes: [
        { cells: [[5,6],[6,6],[7,6],[8,6]] },
        { cells: [[8,8],[8,9],[9,9],[9,8]] },
        { cells: [[9,7],[9,6],[9,5],[8,5]] },
      ] },
      { x: 0, y: 5, w: 5, h: 5, snakes: [
        { cells: [[3,9],[3,8],[2,8],[2,9]] },
        { cells: [[1,9],[0,9],[0,8],[0,7],[0,6]] },
        { cells: [[2,6],[3,6],[4,6]] },
      ] },
      { x: 0, y: 10, w: 5, h: 5, snakes: [
        { cells: [[4,14],[3,14]] },
        { cells: [[1,14],[0,14],[0,13]] },
        { cells: [[0,12],[0,11],[0,10],[1,10]] },
        { cells: [[2,10],[3,10]] },
      ] },
      { x: 5, y: 10, w: 5, h: 5, snakes: [
        { cells: [[6,10],[7,10],[8,10],[9,10]] },
        { cells: [[9,11],[9,12],[9,13],[9,14]] },
        { cells: [[8,14],[7,14],[6,14],[5,14]] },
      ] },
    ],
  },
  {
    // G2 · сид 10 · ловушек 4 · безопасность обедов 1.00 0.71 0.90 0.82 1.00 0.56 · плотность 48% 48% 48% 48% 44% 48% · финал 71
    name: "Плечом к плечу", lesson: "Хвост к носу, нос к хвосту: ищи, кто стоит первым в очереди.",
    w: 10, h: 15,
    sections: [
      { x: 0, y: 0, w: 5, h: 5, snakes: [
        { cells: [[4,2],[3,2],[3,3],[3,4],[2,4]] },
        { cells: [[1,4],[0,4]] },
        { cells: [[0,3],[0,2],[0,1],[0,0],[1,0]] },
      ] },
      { x: 5, y: 0, w: 5, h: 5, snakes: [
        { cells: [[5,4],[5,3]] },
        { cells: [[7,3],[8,3],[8,4],[9,4]] },
        { cells: [[9,3],[9,2],[8,2],[7,2]] },
        { cells: [[6,2],[5,2]] },
      ] },
      { x: 5, y: 5, w: 5, h: 5, snakes: [
        { cells: [[5,9],[6,9]] },
        { cells: [[8,9],[9,9],[9,8]] },
        { cells: [[9,7],[9,6],[9,5],[8,5],[7,5]] },
        { cells: [[6,5],[5,5]] },
      ] },
      { x: 0, y: 5, w: 5, h: 5, snakes: [
        { cells: [[0,9],[0,8],[0,7],[0,6],[0,5]] },
        { cells: [[2,5],[3,5],[4,5],[4,6]] },
        { cells: [[4,7],[4,8],[4,9]] },
      ] },
      { x: 0, y: 10, w: 5, h: 5, snakes: [
        { cells: [[4,11],[3,11],[2,11],[1,11],[1,12]] },
        { cells: [[1,13],[1,14],[0,14]] },
        { cells: [[0,12],[0,11],[0,10]] },
      ] },
      { x: 5, y: 10, w: 5, h: 5, snakes: [
        { cells: [[6,14],[6,13],[6,12],[6,11]] },
        { cells: [[8,11],[9,11],[9,10]] },
        { cells: [[8,10],[7,10],[6,10],[5,10],[5,11]] },
      ] },
    ],
  },
  {
    // G3 · сид 7 · ловушек 4 · безопасность обедов 1.00 0.67 1.00 0.70 0.90 0.38 · плотность 48% 40% 44% 44% 52% 44% · финал 68
    name: "Не протолкнуться", lesson: "Кусок с хвостом не у дел сам соберёт себя — не мешай ему.",
    w: 10, h: 15,
    sections: [
      { x: 0, y: 0, w: 5, h: 5, snakes: [
        { cells: [[4,3],[3,3]] },
        { cells: [[2,3],[1,3],[1,4],[0,4]] },
        { cells: [[0,3],[0,2]] },
        { cells: [[1,2],[2,2],[3,2],[4,2]] },
      ] },
      { x: 5, y: 0, w: 5, h: 5, snakes: [
        { cells: [[9,4],[9,3],[9,2],[9,1],[9,0]] },
        { cells: [[6,0],[5,0],[5,1],[5,2],[5,3]] },
      ] },
      { x: 5, y: 5, w: 5, h: 5, snakes: [
        { cells: [[5,6],[6,6],[6,7],[6,8],[6,9]] },
        { cells: [[8,9],[9,9],[9,8]] },
        { cells: [[9,7],[9,6],[9,5]] },
      ] },
      { x: 0, y: 5, w: 5, h: 5, snakes: [
        { cells: [[4,9],[4,8],[4,7],[3,7]] },
        { cells: [[1,7],[0,7],[0,6]] },
        { cells: [[1,6],[2,6],[3,6],[4,6]] },
      ] },
      { x: 0, y: 10, w: 5, h: 5, snakes: [
        { cells: [[4,13],[3,13],[3,14]] },
        { cells: [[1,14],[0,14],[0,13]] },
        { cells: [[0,12],[0,11],[0,10],[1,10]] },
        { cells: [[2,10],[3,10],[4,10]] },
      ] },
      { x: 5, y: 10, w: 5, h: 5, snakes: [
        { cells: [[5,10],[6,10],[7,10],[8,10],[9,10]] },
        { cells: [[9,13],[9,14]] },
        { cells: [[7,14],[6,14],[5,14],[5,13]] },
      ] },
    ],
  },
  {
    // G4 · сид 13 · ловушек 4 · безопасность обедов 1.00 0.70 0.52 0.56 1.00 0.70 · плотность 48% 44% 52% 48% 44% 44% · финал 70
    name: "Коммуналка", lesson: "Тесно — значит, порядок решает всё. Ошибки по-прежнему бесплатны.",
    w: 10, h: 15,
    sections: [
      { x: 0, y: 0, w: 5, h: 5, snakes: [
        { cells: [[4,2],[3,2],[3,1]] },
        { cells: [[2,1],[1,1],[0,1],[0,0]] },
        { cells: [[1,0],[2,0],[3,0],[4,0],[4,1]] },
      ] },
      { x: 5, y: 0, w: 5, h: 5, snakes: [
        { cells: [[8,4],[8,3]] },
        { cells: [[8,2],[8,1],[9,1],[9,0],[8,0]] },
        { cells: [[6,0],[5,0],[5,1],[5,2]] },
      ] },
      { x: 5, y: 5, w: 5, h: 5, snakes: [
        { cells: [[5,9],[6,9]] },
        { cells: [[6,7],[6,6],[5,6],[5,5]] },
        { cells: [[6,5],[7,5],[7,6]] },
        { cells: [[8,6],[9,6],[9,5],[8,5]] },
      ] },
      { x: 0, y: 5, w: 5, h: 5, snakes: [
        { cells: [[0,9],[0,8],[0,7],[0,6],[0,5]] },
        { cells: [[2,5],[3,5],[4,5]] },
        { cells: [[4,6],[4,7],[4,8],[4,9]] },
      ] },
      { x: 0, y: 10, w: 5, h: 5, snakes: [
        { cells: [[4,11],[3,11],[2,11],[1,11],[1,12]] },
        { cells: [[1,13],[1,14],[0,14]] },
        { cells: [[0,12],[0,11],[0,10]] },
      ] },
      { x: 5, y: 10, w: 5, h: 5, snakes: [
        { cells: [[7,14],[8,14],[9,14],[9,13]] },
        { cells: [[9,12],[9,11]] },
        { cells: [[7,11],[6,11],[6,10],[5,10],[5,11]] },
      ] },
    ],
  },
  {
    // G5 · сид 5 · ловушек 5 · безопасность обедов 1.00 0.90 0.70 0.76 0.90 0.38 · плотность 52% 48% 44% 52% 52% 44% · финал 73
    name: "Аншлаг", lesson: "Самые плотные комнаты пака. Съешь дом целиком.",
    w: 10, h: 15,
    sections: [
      { x: 0, y: 0, w: 5, h: 5, snakes: [
        { cells: [[4,4],[3,4],[2,4],[1,4],[0,4]] },
        { cells: [[0,3],[0,2],[0,1],[0,0]] },
        { cells: [[1,0],[2,0],[3,0],[4,0]] },
      ] },
      { x: 5, y: 0, w: 5, h: 5, snakes: [
        { cells: [[9,4],[9,3]] },
        { cells: [[9,1],[9,0],[8,0]] },
        { cells: [[7,0],[6,0],[5,0],[5,1]] },
        { cells: [[5,2],[5,3],[5,4]] },
      ] },
      { x: 5, y: 5, w: 5, h: 5, snakes: [
        { cells: [[5,6],[6,6]] },
        { cells: [[6,8],[6,9],[7,9],[8,9],[9,9]] },
        { cells: [[9,8],[9,7],[9,6],[9,5]] },
      ] },
      { x: 0, y: 5, w: 5, h: 5, snakes: [
        { cells: [[4,9],[4,8]] },
        { cells: [[2,8],[1,8],[0,8],[0,7]] },
        { cells: [[0,6],[0,5]] },
        { cells: [[1,5],[2,5],[3,5],[4,5],[4,6]] },
      ] },
      { x: 0, y: 10, w: 5, h: 5, snakes: [
        { cells: [[4,13],[3,13],[3,14]] },
        { cells: [[1,14],[0,14],[0,13]] },
        { cells: [[0,12],[0,11],[0,10],[1,10]] },
        { cells: [[2,10],[3,10],[4,10]] },
      ] },
      { x: 5, y: 10, w: 5, h: 5, snakes: [
        { cells: [[5,10],[6,10],[7,10],[8,10],[9,10]] },
        { cells: [[9,13],[9,14]] },
        { cells: [[7,14],[6,14],[5,14],[5,13]] },
      ] },
    ],
  },
