  {
    // A1 · сид 2 · ловушек 0 · безопасность обедов 1.00 1.00 · финал 12
    name: "Первая дверь", lesson: "Собери всех змей комнаты в одну — откроется следующая.",
    w: 5, h: 10,
    sections: [
      { x: 0, y: 0, w: 5, h: 5, snakes: [
        { cells: [[3,1],[2,1],[2,0]] },
        { cells: [[4,3],[4,2],[4,1]] },
      ] },
      { x: 0, y: 5, w: 5, h: 5, snakes: [
        { cells: [[2,5],[3,5],[4,5]] },
        { cells: [[0,6],[0,5],[1,5]] },
      ] },
    ],
  },
  {
    // A2 · сид 6 · ловушек 0 · безопасность обедов 1.00 1.00 · финал 11
    name: "Двое за стеной", lesson: "Ошибки бесплатны: доска не меняется, растёт только счётчик.",
    w: 5, h: 10,
    sections: [
      { x: 0, y: 0, w: 5, h: 5, snakes: [
        { cells: [[3,2],[4,2],[4,1]] },
        { cells: [[3,1],[2,1],[1,1]] },
      ] },
      { x: 0, y: 5, w: 5, h: 5, snakes: [
        { cells: [[1,6],[1,7]] },
        { cells: [[1,8],[1,9],[2,9]] },
      ] },
    ],
  },
  {
    // A3 · сид 9 · ловушек 0 · безопасность обедов 1.00 1.00 · финал 11
    name: "Тук-тук", lesson: "Закрытая комната — стена: луч в неё бьётся, как о валун.",
    w: 5, h: 10,
    sections: [
      { x: 0, y: 0, w: 5, h: 5, snakes: [
        { cells: [[1,0],[0,0],[0,1]] },
        { cells: [[2,2],[2,1],[2,0]] },
      ] },
      { x: 0, y: 5, w: 5, h: 5, snakes: [
        { cells: [[1,7],[2,7]] },
        { cells: [[1,6],[0,6],[0,7]] },
      ] },
    ],
  },
  {
    // A4 · сид 11 · ловушек 0 · безопасность обедов 1.00 1.00 · финал 10
    name: "Коридорчик", lesson: "Съев, змея смотрит туда же, куда смотрела съеденная.",
    w: 5, h: 10,
    sections: [
      { x: 0, y: 0, w: 5, h: 5, snakes: [
        { cells: [[1,4],[0,4]] },
        { cells: [[4,3],[4,4]] },
      ] },
      { x: 0, y: 5, w: 5, h: 5, snakes: [
        { cells: [[2,6],[2,7],[2,8]] },
        { cells: [[3,7],[4,7],[4,8]] },
      ] },
    ],
  },
  {
    // A5 · сид 14 · ловушек 0 · безопасность обедов 1.00 1.00 · финал 11
    name: "Соседи", lesson: "Твоя большая змея — тоже еда: новенькие могут съесть её за хвост.",
    w: 5, h: 10,
    sections: [
      { x: 0, y: 0, w: 5, h: 5, snakes: [
        { cells: [[4,2],[4,3],[4,4]] },
        { cells: [[3,4],[2,4],[1,4]] },
      ] },
      { x: 0, y: 5, w: 5, h: 5, snakes: [
        { cells: [[1,8],[1,9]] },
        { cells: [[3,6],[4,6],[4,5]] },
      ] },
    ],
  },
  {
    // B1 · сид 29 · ловушек 1 · безопасность обедов 1.00 0.82 · финал 16
    name: "Не тем зубом", lesson: "Здесь уже можно съесть не тем — и комната встанет. «Комнату заново» — и порядок.",
    w: 5, h: 10,
    sections: [
      { x: 0, y: 0, w: 5, h: 5, snakes: [
        { cells: [[2,2],[2,1],[2,0]] },
        { cells: [[3,4],[2,4],[2,3]] },
        { cells: [[3,0],[4,0],[4,1]] },
      ] },
      { x: 0, y: 5, w: 5, h: 5, snakes: [
        { cells: [[4,6],[4,7]] },
        { cells: [[1,9],[0,9]] },
        { cells: [[4,8],[4,9],[3,9]] },
      ] },
    ],
  },
  {
    // B2 · сид 20 · ловушек 1 · безопасность обедов 1.00 0.67 · финал 10
    name: "Заминка", lesson: "Прежде чем тапнуть, найди, кто съест едока потом.",
    w: 5, h: 10,
    sections: [
      { x: 0, y: 0, w: 5, h: 5, snakes: [
        { cells: [[0,3],[0,2]] },
        { cells: [[0,1],[0,0],[1,0]] },
      ] },
      { x: 0, y: 5, w: 5, h: 5, snakes: [
        { cells: [[1,7],[1,8],[1,9]] },
        { cells: [[0,9],[0,8]] },
      ] },
    ],
  },
  {
    // B3 · сид 40 · ловушек 1 · безопасность обедов 1.00 0.67 · финал 11
    name: "Вторая мысль", lesson: "Открытие комнаты — чекпоинт: назад через дверь отмотки нет.",
    w: 5, h: 10,
    sections: [
      { x: 0, y: 0, w: 5, h: 5, snakes: [
        { cells: [[2,4],[2,3]] },
        { cells: [[3,2],[3,3]] },
        { cells: [[2,2],[2,1],[3,1]] },
      ] },
      { x: 0, y: 5, w: 5, h: 5, snakes: [
        { cells: [[3,7],[3,8]] },
        { cells: [[1,9],[2,9]] },
      ] },
    ],
  },
  {
    // B4 · сид 45 · ловушек 1 · безопасность обедов 1.00 0.67 · финал 10
    name: "Узелок", lesson: "Пустые клетки между головой и хвостом съедаются вместе с жертвой.",
    w: 5, h: 10,
    sections: [
      { x: 0, y: 0, w: 5, h: 5, snakes: [
        { cells: [[4,4],[4,3]] },
        { cells: [[4,2],[4,1]] },
        { cells: [[1,1],[0,1]] },
      ] },
      { x: 0, y: 5, w: 5, h: 5, snakes: [
        { cells: [[2,5],[2,6]] },
        { cells: [[3,9],[4,9]] },
      ] },
    ],
  },
  {
    // B5 · сид 21 · ловушек 1 · безопасность обедов 1.00 0.38 · финал 14
    name: "Дверь с секретом", lesson: "Если никто ни на кого не смотрит — комната заперта. Начни её заново.",
    w: 5, h: 10,
    sections: [
      { x: 0, y: 0, w: 5, h: 5, snakes: [
        { cells: [[1,1],[2,1]] },
        { cells: [[3,1],[4,1]] },
        { cells: [[0,0],[0,1]] },
      ] },
      { x: 0, y: 5, w: 5, h: 5, snakes: [
        { cells: [[0,8],[0,7],[1,7]] },
        { cells: [[2,9],[1,9],[0,9]] },
        { cells: [[4,8],[4,9]] },
      ] },
    ],
  },
  {
    // C1 · сид 70 · ловушек 1 · безопасность обедов 1.00 1.00 0.83 1.00 · финал 28
    name: "Четыре угла", lesson: "Четыре комнаты — три двери. Веди свою змею по дому.",
    w: 10, h: 10,
    sections: [
      { x: 0, y: 0, w: 5, h: 5, snakes: [
        { cells: [[0,4],[1,4]] },
        { cells: [[1,3],[1,2],[1,1]] },
        { cells: [[2,1],[3,1],[4,1]] },
      ] },
      { x: 5, y: 0, w: 5, h: 5, snakes: [
        { cells: [[7,1],[8,1]] },
        { cells: [[6,2],[6,3]] },
        { cells: [[7,3],[8,3],[9,3]] },
      ] },
      { x: 5, y: 5, w: 5, h: 5, snakes: [
        { cells: [[9,7],[9,8]] },
        { cells: [[5,8],[5,9],[6,9]] },
        { cells: [[6,5],[5,5]] },
      ] },
      { x: 0, y: 5, w: 5, h: 5, snakes: [
        { cells: [[3,6],[2,6],[2,5]] },
        { cells: [[2,8],[2,9],[3,9]] },
      ] },
    ],
  },
  {
    // C2 · сид 86 · ловушек 1 · безопасность обедов 1.00 1.00 1.00 0.75 · финал 23
    name: "Обход", lesson: "Пустая комната позади — разгон для дальних обедов.",
    w: 10, h: 10,
    sections: [
      { x: 0, y: 0, w: 5, h: 5, snakes: [
        { cells: [[2,2],[2,1]] },
        { cells: [[3,1],[4,1]] },
      ] },
      { x: 5, y: 0, w: 5, h: 5, snakes: [
        { cells: [[7,1],[8,1]] },
        { cells: [[6,3],[6,4]] },
      ] },
      { x: 5, y: 5, w: 5, h: 5, snakes: [
        { cells: [[6,8],[6,9]] },
        { cells: [[8,5],[9,5]] },
        { cells: [[8,7],[8,8],[8,9]] },
      ] },
      { x: 0, y: 5, w: 5, h: 5, snakes: [
        { cells: [[1,8],[0,8]] },
        { cells: [[0,6],[1,6],[2,6]] },
        { cells: [[4,7],[3,7],[2,7]] },
      ] },
    ],
  },
  {
    // C3 · сид 48 · ловушек 1 · безопасность обедов 1.00 0.67 1.00 1.00 · финал 23
    name: "Кругосветка", lesson: "Хвост большой змеи уползает вперёд с каждым съеденным зазором.",
    w: 10, h: 10,
    sections: [
      { x: 0, y: 0, w: 5, h: 5, snakes: [
        { cells: [[1,1],[1,2],[1,3]] },
        { cells: [[0,1],[0,0],[1,0]] },
      ] },
      { x: 5, y: 0, w: 5, h: 5, snakes: [
        { cells: [[7,4],[6,4]] },
        { cells: [[8,3],[9,3],[9,4]] },
      ] },
      { x: 5, y: 5, w: 5, h: 5, snakes: [
        { cells: [[6,5],[6,6]] },
        { cells: [[7,5],[8,5],[9,5]] },
      ] },
      { x: 0, y: 5, w: 5, h: 5, snakes: [
        { cells: [[0,6],[0,5]] },
        { cells: [[2,9],[1,9],[0,9]] },
        { cells: [[4,9],[3,9]] },
      ] },
    ],
  },
  {
    // C4 · сид 57 · ловушек 1 · безопасность обедов 1.00 0.67 1.00 1.00 · финал 18
    name: "Анфилада", lesson: "Новая комната — новые едоки. Иногда лучший ход — подставить свой хвост.",
    w: 10, h: 10,
    sections: [
      { x: 0, y: 0, w: 5, h: 5, snakes: [
        { cells: [[1,3],[0,3],[0,2]] },
        { cells: [[0,1],[0,0],[1,0]] },
      ] },
      { x: 5, y: 0, w: 5, h: 5, snakes: [
        { cells: [[6,0],[7,0]] },
        { cells: [[9,4],[9,3]] },
      ] },
      { x: 5, y: 5, w: 5, h: 5, snakes: [
        { cells: [[8,5],[9,5]] },
        { cells: [[6,5],[7,5]] },
      ] },
      { x: 0, y: 5, w: 5, h: 5, snakes: [
        { cells: [[1,5],[2,5]] },
        { cells: [[0,6],[0,5]] },
      ] },
    ],
  },
  {
    // C5 · сид 33 · ловушек 2 · безопасность обедов 1.00 0.82 1.00 0.38 · финал 27
    name: "Сквозные двери", lesson: "Смотри, куда встанет голова после обеда: ей жить в следующей комнате.",
    w: 10, h: 10,
    sections: [
      { x: 0, y: 0, w: 5, h: 5, snakes: [
        { cells: [[2,3],[1,3]] },
        { cells: [[3,2],[3,3]] },
        { cells: [[1,2],[1,1],[1,0]] },
      ] },
      { x: 5, y: 0, w: 5, h: 5, snakes: [
        { cells: [[9,1],[9,2],[9,3]] },
        { cells: [[5,0],[6,0]] },
        { cells: [[7,0],[8,0],[9,0]] },
      ] },
      { x: 5, y: 5, w: 5, h: 5, snakes: [
        { cells: [[9,5],[9,6],[9,7]] },
        { cells: [[9,8],[9,9]] },
      ] },
      { x: 0, y: 5, w: 5, h: 5, snakes: [
        { cells: [[3,8],[4,8]] },
        { cells: [[0,7],[0,8]] },
        { cells: [[2,5],[1,5],[0,5]] },
      ] },
    ],
  },
  {
    // D1 · сид 130 · ловушек 2 · безопасность обедов 1.00 0.75 0.83 1.00 · финал 29
    name: "Теснота", lesson: "Теснее комнаты — важнее порядок.",
    w: 10, h: 10,
    sections: [
      { x: 0, y: 0, w: 5, h: 5, snakes: [
        { cells: [[2,4],[2,3],[2,2]] },
        { cells: [[1,2],[0,2]] },
        { cells: [[0,1],[0,0]] },
      ] },
      { x: 5, y: 0, w: 5, h: 5, snakes: [
        { cells: [[9,1],[9,2],[9,3]] },
        { cells: [[8,0],[9,0]] },
        { cells: [[5,3],[5,4],[6,4]] },
      ] },
      { x: 5, y: 5, w: 5, h: 5, snakes: [
        { cells: [[9,8],[9,9]] },
        { cells: [[8,6],[9,6]] },
        { cells: [[5,7],[5,8],[5,9]] },
      ] },
      { x: 0, y: 5, w: 5, h: 5, snakes: [
        { cells: [[4,8],[4,7]] },
        { cells: [[2,7],[1,7]] },
        { cells: [[2,9],[3,9],[4,9]] },
      ] },
    ],
  },
  {
    // D2 · сид 106 · ловушек 2 · безопасность обедов 1.00 0.83 0.70 1.00 · финал 37
    name: "Клубок за дверью", lesson: "Один из обедов запирает дверь. Найди его до того, как он найдёт тебя.",
    w: 10, h: 10,
    sections: [
      { x: 0, y: 0, w: 5, h: 5, snakes: [
        { cells: [[4,0],[3,0],[3,1]] },
        { cells: [[3,3],[3,4],[4,4]] },
        { cells: [[2,4],[1,4],[0,4]] },
      ] },
      { x: 5, y: 0, w: 5, h: 5, snakes: [
        { cells: [[7,0],[6,0],[5,0]] },
        { cells: [[9,1],[9,0]] },
        { cells: [[8,3],[9,3],[9,2]] },
        { cells: [[5,4],[5,3],[6,3]] },
      ] },
      { x: 5, y: 5, w: 5, h: 5, snakes: [
        { cells: [[7,9],[6,9],[5,9]] },
        { cells: [[9,7],[9,8],[9,9]] },
        { cells: [[7,6],[8,6],[9,6]] },
      ] },
      { x: 0, y: 5, w: 5, h: 5, snakes: [
        { cells: [[3,6],[3,7],[4,7]] },
        { cells: [[3,8],[3,9]] },
        { cells: [[2,5],[1,5],[0,5]] },
      ] },
    ],
  },
  {
    // D3 · сид 416 · ловушек 2 · безопасность обедов 1.00 0.70 0.70 1.00 · финал 33
    name: "Пере переезд", lesson: "Длинное тело — тоже стена: не перегороди себе комнату.",
    w: 10, h: 10,
    sections: [
      { x: 0, y: 0, w: 5, h: 5, snakes: [
        { cells: [[1,2],[0,2]] },
        { cells: [[3,0],[2,0]] },
        { cells: [[2,1],[2,2]] },
        { cells: [[0,3],[0,4],[1,4]] },
      ] },
      { x: 5, y: 0, w: 5, h: 5, snakes: [
        { cells: [[6,4],[7,4],[8,4]] },
        { cells: [[9,1],[9,0],[8,0]] },
        { cells: [[9,4],[9,3],[9,2]] },
      ] },
      { x: 5, y: 5, w: 5, h: 5, snakes: [
        { cells: [[7,6],[8,6],[9,6]] },
        { cells: [[5,7],[5,6]] },
        { cells: [[5,9],[5,8]] },
      ] },
      { x: 0, y: 5, w: 5, h: 5, snakes: [
        { cells: [[0,7],[0,8],[0,9]] },
        { cells: [[1,5],[2,5]] },
        { cells: [[2,8],[2,9],[3,9]] },
      ] },
    ],
  },
  {
    // D4 · сид 241 · ловушек 2 · безопасность обедов 1.00 1.00 0.89 0.38 · финал 33
    name: "Лабиринтик", lesson: "Считай на два обеда вперёд, дальше не надо.",
    w: 10, h: 10,
    sections: [
      { x: 0, y: 0, w: 5, h: 5, snakes: [
        { cells: [[1,3],[0,3]] },
        { cells: [[4,4],[4,3]] },
        { cells: [[2,2],[2,1],[2,0]] },
      ] },
      { x: 5, y: 0, w: 5, h: 5, snakes: [
        { cells: [[5,0],[6,0],[7,0]] },
        { cells: [[5,3],[5,4],[6,4]] },
        { cells: [[8,3],[9,3],[9,4]] },
      ] },
      { x: 5, y: 5, w: 5, h: 5, snakes: [
        { cells: [[8,5],[8,6]] },
        { cells: [[6,9],[7,9]] },
        { cells: [[6,5],[5,5],[5,6]] },
        { cells: [[5,7],[5,8],[5,9]] },
      ] },
      { x: 0, y: 5, w: 5, h: 5, snakes: [
        { cells: [[2,9],[3,9],[4,9]] },
        { cells: [[0,8],[0,9]] },
        { cells: [[1,5],[0,5]] },
      ] },
    ],
  },
  {
    // D5 · сид 195 · ловушек 2 · безопасность обедов 1.00 0.32 1.00 0.38 · финал 34
    name: "Гости съехались", lesson: "Заперто? Это бесплатно. «Комнату заново» — и другой порядок.",
    w: 10, h: 10,
    sections: [
      { x: 0, y: 0, w: 5, h: 5, snakes: [
        { cells: [[0,4],[0,3]] },
        { cells: [[0,2],[0,1],[0,0]] },
        { cells: [[1,0],[2,0]] },
      ] },
      { x: 5, y: 0, w: 5, h: 5, snakes: [
        { cells: [[5,2],[5,1],[5,0]] },
        { cells: [[6,4],[5,4]] },
        { cells: [[8,2],[8,3],[8,4]] },
        { cells: [[7,0],[8,0],[8,1]] },
      ] },
      { x: 5, y: 5, w: 5, h: 5, snakes: [
        { cells: [[7,8],[7,9],[8,9]] },
        { cells: [[6,7],[5,7]] },
        { cells: [[5,8],[5,9],[6,9]] },
      ] },
      { x: 0, y: 5, w: 5, h: 5, snakes: [
        { cells: [[1,8],[1,9],[0,9]] },
        { cells: [[2,6],[1,6]] },
        { cells: [[3,5],[4,5],[4,6]] },
      ] },
    ],
  },
  {
    // E1 · сид 143 · ловушек 2 · безопасность обедов 1.00 0.71 1.00 1.00 0.70 1.00 · финал 37
    name: "Шесть комнат", lesson: "Шесть комнат подряд. Спокойно, по одной.",
    w: 10, h: 15,
    sections: [
      { x: 0, y: 0, w: 5, h: 5, snakes: [
        { cells: [[0,4],[0,3],[0,2]] },
        { cells: [[3,2],[4,2]] },
      ] },
      { x: 5, y: 0, w: 5, h: 5, snakes: [
        { cells: [[8,2],[9,2],[9,3]] },
        { cells: [[5,1],[5,0],[6,0]] },
        { cells: [[6,3],[6,4]] },
      ] },
      { x: 5, y: 5, w: 5, h: 5, snakes: [
        { cells: [[6,7],[6,8],[7,8]] },
        { cells: [[7,5],[8,5],[9,5]] },
        { cells: [[9,6],[9,7],[8,7]] },
      ] },
      { x: 0, y: 5, w: 5, h: 5, snakes: [
        { cells: [[0,8],[0,7]] },
        { cells: [[4,6],[3,6]] },
      ] },
      { x: 0, y: 10, w: 5, h: 5, snakes: [
        { cells: [[1,11],[0,11]] },
        { cells: [[3,10],[4,10],[4,11]] },
        { cells: [[1,10],[2,10]] },
      ] },
      { x: 5, y: 10, w: 5, h: 5, snakes: [
        { cells: [[8,11],[8,12]] },
        { cells: [[8,13],[8,14]] },
      ] },
    ],
  },
  {
    // E2 · сид 551 · ловушек 2 · безопасность обедов 1.00 1.00 1.00 0.67 1.00 0.67 · финал 33
    name: "Длинный дом", lesson: "В длинном доме змея вырастает через всю доску.",
    w: 10, h: 15,
    sections: [
      { x: 0, y: 0, w: 5, h: 5, snakes: [
        { cells: [[4,3],[4,2]] },
        { cells: [[4,1],[4,0]] },
      ] },
      { x: 5, y: 0, w: 5, h: 5, snakes: [
        { cells: [[8,0],[9,0]] },
        { cells: [[6,1],[6,2],[5,2]] },
        { cells: [[5,3],[5,4],[6,4]] },
      ] },
      { x: 5, y: 5, w: 5, h: 5, snakes: [
        { cells: [[6,8],[6,9],[7,9]] },
        { cells: [[8,7],[9,7],[9,8]] },
      ] },
      { x: 0, y: 5, w: 5, h: 5, snakes: [
        { cells: [[3,5],[4,5]] },
        { cells: [[1,6],[1,5]] },
      ] },
      { x: 0, y: 10, w: 5, h: 5, snakes: [
        { cells: [[0,12],[0,11],[1,11]] },
        { cells: [[1,14],[0,14],[0,13]] },
      ] },
      { x: 5, y: 10, w: 5, h: 5, snakes: [
        { cells: [[6,11],[6,12],[6,13]] },
        { cells: [[5,13],[5,14]] },
      ] },
    ],
  },
  {
    // E3 · сид 756 · ловушек 2 · безопасность обедов 1.00 1.00 1.00 1.00 0.67 0.56 · финал 37
    name: "Этажи", lesson: "Каждая комната маленькая — но их много, и ошибки копятся в счётчик.",
    w: 10, h: 15,
    sections: [
      { x: 0, y: 0, w: 5, h: 5, snakes: [
        { cells: [[1,4],[1,3],[2,3]] },
        { cells: [[2,2],[2,1],[2,0]] },
      ] },
      { x: 5, y: 0, w: 5, h: 5, snakes: [
        { cells: [[8,0],[9,0],[9,1]] },
        { cells: [[5,1],[5,2],[5,3]] },
        { cells: [[8,3],[9,3],[9,2]] },
      ] },
      { x: 5, y: 5, w: 5, h: 5, snakes: [
        { cells: [[8,7],[8,8]] },
        { cells: [[7,5],[6,5]] },
      ] },
      { x: 0, y: 5, w: 5, h: 5, snakes: [
        { cells: [[4,5],[3,5]] },
        { cells: [[4,7],[4,8],[4,9]] },
      ] },
      { x: 0, y: 10, w: 5, h: 5, snakes: [
        { cells: [[4,11],[4,12],[3,12]] },
        { cells: [[2,11],[2,12],[1,12]] },
      ] },
      { x: 5, y: 10, w: 5, h: 5, snakes: [
        { cells: [[6,12],[7,12]] },
        { cells: [[8,12],[9,12],[9,11]] },
        { cells: [[5,11],[5,12]] },
      ] },
    ],
  },
  {
    // E4 · сид 80 · ловушек 3 · безопасность обедов 1.00 0.82 1.00 1.00 0.67 0.56 · финал 36
    name: "Квартира с историей", lesson: "Порядок внутри комнаты — вся игра. Между комнатами бояться нечего.",
    w: 10, h: 15,
    sections: [
      { x: 0, y: 0, w: 5, h: 5, snakes: [
        { cells: [[0,4],[0,3],[0,2]] },
        { cells: [[0,1],[0,0]] },
      ] },
      { x: 5, y: 0, w: 5, h: 5, snakes: [
        { cells: [[5,0],[6,0],[7,0]] },
        { cells: [[8,1],[7,1]] },
        { cells: [[8,0],[9,0],[9,1]] },
      ] },
      { x: 5, y: 5, w: 5, h: 5, snakes: [
        { cells: [[8,6],[8,7]] },
        { cells: [[8,8],[8,9]] },
      ] },
      { x: 0, y: 5, w: 5, h: 5, snakes: [
        { cells: [[1,7],[1,6],[0,6]] },
        { cells: [[2,8],[1,8]] },
        { cells: [[3,9],[3,8]] },
      ] },
      { x: 0, y: 10, w: 5, h: 5, snakes: [
        { cells: [[2,12],[3,12]] },
        { cells: [[0,14],[0,13],[0,12]] },
      ] },
      { x: 5, y: 10, w: 5, h: 5, snakes: [
        { cells: [[7,14],[6,14],[6,13]] },
        { cells: [[6,11],[6,10]] },
        { cells: [[8,13],[8,14]] },
      ] },
    ],
  },
  {
    // E5 · сид 772 · ловушек 3 · безопасность обедов 1.00 1.00 0.38 0.67 1.00 0.38 · финал 37
    name: "Дальняя дверь", lesson: "Дальняя дверь откроется, когда съедена ближняя.",
    w: 10, h: 15,
    sections: [
      { x: 0, y: 0, w: 5, h: 5, snakes: [
        { cells: [[1,4],[1,3]] },
        { cells: [[1,2],[1,1]] },
        { cells: [[3,1],[4,1],[4,0]] },
      ] },
      { x: 5, y: 0, w: 5, h: 5, snakes: [
        { cells: [[6,1],[7,1],[7,2]] },
        { cells: [[8,1],[9,1]] },
      ] },
      { x: 5, y: 5, w: 5, h: 5, snakes: [
        { cells: [[5,8],[5,7],[6,7]] },
        { cells: [[7,9],[6,9],[5,9]] },
        { cells: [[9,8],[9,9]] },
      ] },
      { x: 0, y: 5, w: 5, h: 5, snakes: [
        { cells: [[2,9],[1,9]] },
        { cells: [[2,8],[2,7],[1,7]] },
      ] },
      { x: 0, y: 10, w: 5, h: 5, snakes: [
        { cells: [[2,13],[2,12]] },
        { cells: [[1,14],[2,14]] },
      ] },
      { x: 5, y: 10, w: 5, h: 5, snakes: [
        { cells: [[5,13],[5,12],[6,12]] },
        { cells: [[7,14],[6,14],[5,14]] },
        { cells: [[9,13],[9,14]] },
      ] },
    ],
  },
  {
    // F1 · сид 353 · ловушек 2 · безопасность обедов 1.00 0.75 1.00 0.83 1.00 1.00 · финал 44
    name: "Особняк", lesson: "Большой дом, много жильцов, один финал.",
    w: 10, h: 15,
    sections: [
      { x: 0, y: 0, w: 5, h: 5, snakes: [
        { cells: [[2,0],[1,0],[0,0]] },
        { cells: [[0,1],[0,2]] },
        { cells: [[0,3],[0,4],[1,4]] },
      ] },
      { x: 5, y: 0, w: 5, h: 5, snakes: [
        { cells: [[6,4],[7,4]] },
        { cells: [[9,2],[9,1],[9,0]] },
        { cells: [[6,1],[7,1],[8,1]] },
      ] },
      { x: 5, y: 5, w: 5, h: 5, snakes: [
        { cells: [[9,7],[9,6]] },
        { cells: [[8,9],[9,9],[9,8]] },
        { cells: [[7,7],[7,8],[7,9]] },
      ] },
      { x: 0, y: 5, w: 5, h: 5, snakes: [
        { cells: [[0,5],[0,6],[1,6]] },
        { cells: [[1,8],[2,8]] },
        { cells: [[0,7],[0,8]] },
      ] },
      { x: 0, y: 10, w: 5, h: 5, snakes: [
        { cells: [[0,10],[0,11]] },
        { cells: [[2,10],[3,10]] },
        { cells: [[2,11],[2,12]] },
      ] },
      { x: 5, y: 10, w: 5, h: 5, snakes: [
        { cells: [[5,12],[6,12],[7,12]] },
        { cells: [[5,11],[5,10]] },
        { cells: [[6,10],[7,10]] },
      ] },
    ],
  },
  {
    // F2 · сид 416 · ловушек 2 · безопасность обедов 1.00 0.70 0.70 1.00 1.00 1.00 · финал 53
    name: "Все ключи", lesson: "Ловушек тут больше одной. Не спеши тапать очевидное.",
    w: 10, h: 15,
    sections: [
      { x: 0, y: 0, w: 5, h: 5, snakes: [
        { cells: [[1,2],[0,2]] },
        { cells: [[3,0],[2,0]] },
        { cells: [[2,1],[2,2]] },
        { cells: [[0,3],[0,4],[1,4]] },
      ] },
      { x: 5, y: 0, w: 5, h: 5, snakes: [
        { cells: [[6,4],[7,4],[8,4]] },
        { cells: [[9,1],[9,0],[8,0]] },
        { cells: [[9,4],[9,3],[9,2]] },
      ] },
      { x: 5, y: 5, w: 5, h: 5, snakes: [
        { cells: [[7,6],[8,6],[9,6]] },
        { cells: [[5,7],[5,6]] },
        { cells: [[5,9],[5,8]] },
      ] },
      { x: 0, y: 5, w: 5, h: 5, snakes: [
        { cells: [[0,7],[0,8],[0,9]] },
        { cells: [[1,5],[2,5]] },
        { cells: [[2,8],[2,9],[3,9]] },
      ] },
      { x: 0, y: 10, w: 5, h: 5, snakes: [
        { cells: [[2,13],[2,14],[1,14]] },
        { cells: [[1,11],[0,11]] },
        { cells: [[0,12],[0,13],[0,14]] },
        { cells: [[3,14],[4,14],[4,13]] },
      ] },
      { x: 5, y: 10, w: 5, h: 5, snakes: [
        { cells: [[8,14],[9,14],[9,13]] },
        { cells: [[7,11],[8,11],[8,10]] },
        { cells: [[6,11],[6,10],[7,10]] },
      ] },
    ],
  },
  {
    // F3 · сид 728 · ловушек 2 · безопасность обедов 1.00 1.00 1.00 0.53 1.00 0.83 · финал 53
    name: "Комната за комнатой", lesson: "Всё, чему учили комнаты, — под одной крышей.",
    w: 10, h: 15,
    sections: [
      { x: 0, y: 0, w: 5, h: 5, snakes: [
        { cells: [[3,1],[4,1],[4,0]] },
        { cells: [[1,2],[1,1]] },
        { cells: [[4,3],[4,4],[3,4]] },
      ] },
      { x: 5, y: 0, w: 5, h: 5, snakes: [
        { cells: [[7,1],[8,1]] },
        { cells: [[7,4],[8,4]] },
        { cells: [[6,3],[6,2],[6,1]] },
        { cells: [[8,2],[8,3]] },
      ] },
      { x: 5, y: 5, w: 5, h: 5, snakes: [
        { cells: [[8,8],[8,9],[7,9]] },
        { cells: [[7,6],[6,6],[5,6]] },
        { cells: [[5,7],[5,8],[5,9]] },
      ] },
      { x: 0, y: 5, w: 5, h: 5, snakes: [
        { cells: [[2,9],[1,9]] },
        { cells: [[3,8],[3,7]] },
        { cells: [[3,6],[3,5],[4,5]] },
        { cells: [[0,8],[0,7],[1,7]] },
      ] },
      { x: 0, y: 10, w: 5, h: 5, snakes: [
        { cells: [[1,10],[0,10]] },
        { cells: [[3,12],[3,13],[3,14]] },
        { cells: [[1,11],[2,11],[2,10]] },
      ] },
      { x: 5, y: 10, w: 5, h: 5, snakes: [
        { cells: [[8,12],[9,12],[9,11]] },
        { cells: [[6,11],[6,10],[7,10]] },
        { cells: [[7,13],[7,14],[8,14]] },
      ] },
    ],
  },
  {
    // F4 · сид 334 · ловушек 2 · безопасность обедов 1.00 1.00 1.00 1.00 0.70 0.53 · финал 56
    name: "Большая уборка", lesson: "Идеальная партия — ноль ошибок. Счётчик подскажет.",
    w: 10, h: 15,
    sections: [
      { x: 0, y: 0, w: 5, h: 5, snakes: [
        { cells: [[2,2],[2,3],[3,3]] },
        { cells: [[3,2],[3,1],[3,0]] },
        { cells: [[1,0],[2,0],[2,1]] },
        { cells: [[0,2],[0,1],[0,0]] },
      ] },
      { x: 5, y: 0, w: 5, h: 5, snakes: [
        { cells: [[6,0],[7,0],[7,1]] },
        { cells: [[6,3],[6,4]] },
        { cells: [[7,2],[8,2],[9,2]] },
      ] },
      { x: 5, y: 5, w: 5, h: 5, snakes: [
        { cells: [[9,6],[9,7],[8,7]] },
        { cells: [[8,5],[7,5],[7,6]] },
        { cells: [[7,7],[7,8]] },
      ] },
      { x: 0, y: 5, w: 5, h: 5, snakes: [
        { cells: [[0,6],[0,5]] },
        { cells: [[3,6],[2,6],[1,6]] },
        { cells: [[0,9],[0,8],[0,7]] },
        { cells: [[4,8],[4,9]] },
      ] },
      { x: 0, y: 10, w: 5, h: 5, snakes: [
        { cells: [[1,13],[0,13]] },
        { cells: [[3,12],[3,13]] },
        { cells: [[2,11],[3,11]] },
      ] },
      { x: 5, y: 10, w: 5, h: 5, snakes: [
        { cells: [[6,11],[6,12],[5,12]] },
        { cells: [[7,12],[7,11],[7,10]] },
        { cells: [[8,10],[9,10],[9,11]] },
        { cells: [[6,13],[6,14],[7,14]] },
      ] },
    ],
  },
  {
    // F5 · сид 748 · ловушек 3 · безопасность обедов 1.00 0.82 1.00 0.56 1.00 0.38 · финал 50
    name: "Новоселье", lesson: "Последний уровень пака. Дальше — только твой рекорд аккуратности.",
    w: 10, h: 15,
    sections: [
      { x: 0, y: 0, w: 5, h: 5, snakes: [
        { cells: [[0,1],[0,2]] },
        { cells: [[1,2],[2,2]] },
        { cells: [[3,2],[4,2]] },
        { cells: [[1,0],[0,0]] },
      ] },
      { x: 5, y: 0, w: 5, h: 5, snakes: [
        { cells: [[5,2],[6,2]] },
        { cells: [[7,0],[6,0]] },
        { cells: [[9,2],[9,1],[9,0]] },
      ] },
      { x: 5, y: 5, w: 5, h: 5, snakes: [
        { cells: [[9,7],[9,6],[9,5]] },
        { cells: [[8,8],[8,9],[9,9]] },
        { cells: [[6,7],[7,7],[8,7]] },
        { cells: [[5,9],[5,8],[5,7]] },
      ] },
      { x: 0, y: 5, w: 5, h: 5, snakes: [
        { cells: [[1,7],[2,7]] },
        { cells: [[3,7],[4,7]] },
        { cells: [[0,5],[0,6],[0,7]] },
      ] },
      { x: 0, y: 10, w: 5, h: 5, snakes: [
        { cells: [[0,11],[0,12],[0,13]] },
        { cells: [[2,10],[3,10]] },
        { cells: [[2,11],[2,12]] },
        { cells: [[2,13],[2,14],[3,14]] },
      ] },
      { x: 5, y: 10, w: 5, h: 5, snakes: [
        { cells: [[6,14],[5,14]] },
        { cells: [[9,13],[9,14]] },
        { cells: [[8,10],[9,10]] },
      ] },
    ],
  },
